// Jest Snapshot v1, https://goo.gl/fbAQLP

exports[`<SideBar/> should render correctly. 1`] = `
<div
  className="sideBarClassName leftClassName"
>
  Foo children
</div>
`;
