// Jest Snapshot v1, https://goo.gl/fbAQLP

exports[`<ToolTip/> should render correctly. 1`] = `
<div
  className="tooltipClassName"
>
  <div
    className="arrowClassName"
  />
  <div
    className="innerClassName"
  >
    Foo children
  </div>
</div>
`;
