// Jest Snapshot v1, https://goo.gl/fbAQLP

exports[`<Headline/> should render correctly. 1`] = `
<h1
  className="headingClassName"
>
  Foo children
</h1>
`;
