// Jest Snapshot v1, https://goo.gl/fbAQLP

exports[`<Badge/> should render correctly. 1`] = `
<div
  className="badgeClassName"
>
  Foo children
</div>
`;
