// Jest Snapshot v1, https://goo.gl/fbAQLP

exports[`<DropDownItem/> should render correctly. 1`] = `
<a
  className="fooClassName"
  id="fooId"
  onClick={[Function]}
  role="button"
>
  <div>
    Foo children
  </div>
</a>
`;
