// Jest Snapshot v1, https://goo.gl/fbAQLP

exports[`<Button/> should render correctly. 1`] = `
<button
  className="btnClassName cleanClassName cleanHoverClassName foo className"
  disabled={false}
  onClick={[Function]}
  role="button"
  type="button"
>
  Foo children
</button>
`;
